../Core/Src/motor_lib.c:10:26:MotorLib_RegisterStepper	16	static
../Core/Src/motor_lib.c:17:17:MotorLib_UsToTicks	40	static
../Core/Src/motor_lib.c:23:13:Stepper_ApplyDirection	16	static
../Core/Src/motor_lib.c:34:13:Stepper_ApplySpeedISR	24	static
../Core/Src/motor_lib.c:54:17:Stepper_RampSpeed	64	static
../Core/Src/motor_lib.c:68:19:Stepper_Init	24	static
../Core/Src/motor_lib.c:96:19:Stepper_SetSpeed	24	static
../Core/Src/motor_lib.c:119:19:Stepper_MoveSteps	24	static
../Core/Src/motor_lib.c:149:19:Stepper_MoveStepsAccel	24	static
../Core/Src/motor_lib.c:189:19:Stepper_RunContinuous	24	static
../Core/Src/motor_lib.c:229:19:Stepper_Stop	16	static
../Core/Src/motor_lib.c:241:9:Stepper_IsRunning	16	static
../Core/Src/motor_lib.c:246:10:Stepper_GetCurrentSteps	16	static
../Core/Src/motor_lib.c:251:6:Stepper_ResetCounter	16	static
../Core/Src/motor_lib.c:267:6:MotorLib_TIM_PeriodElapsedCallback	48	static
../Core/Src/motor_lib.c:321:6:MotorLib_TIM_PWM_PulseFinishedCallback	24	static
../Core/Src/motor_lib.c:348:19:Servo_Init	40	static
../Core/Src/motor_lib.c:376:19:Servo_Start	16	static
../Core/Src/motor_lib.c:382:19:Servo_Stop	16	static
../Core/Src/motor_lib.c:388:10:Servo_PulseUsToCompare	16	static
../Core/Src/motor_lib.c:395:19:Servo_SetPulseUs	24	static
../Core/Src/motor_lib.c:402:19:Servo_SetAngle	40	static
